data/history/14005641874.csv
time,date,itemid,price,discount,price_before_discount,stock,sold,item_status,cmt_count,liked_count
1668653575,20221117,14005641874,6999000,60%,17500000,135,43,normal,62,569
1668692118,20221117,14005641874,6999000,60%,17500000,135,43,normal,62,570
1668702352,20221117,14005641874,6999000,60%,17500000,135,43,normal,62,571
1668704112,20221117,14005641874,6999000,60%,17500000,135,43,normal,62,572
1668710670,20221117,14005641874,6999000,60%,17500000,135,43,normal,62,573
1668716338,20221117,14005641874,6999000,60%,17500000,135,43,normal,62,574
1668727169,20221117,14005641874,6999000,60%,17500000,135,43,normal,62,575
1668735875,20221118,14005641874,6999000,60%,17500000,135,43,normal,62,575
1668779512,20221118,14005641874,6999000,60%,17500000,135,43,normal,62,576
1668800238,20221118,14005641874,6999000,60%,17500000,135,42,normal,62,576
1668822000,20221119,14005641874,6999000,60%,17500000,135,42,normal,62,576
1668861106,20221119,14005641874,6999000,60%,17500000,134,42,normal,62,576
1668867312,20221119,14005641874,6999000,60%,17500000,134,42,normal,62,577
1668893841,20221119,14005641874,6999000,60%,17500000,134,42,normal,62,578
1668896203,20221119,14005641874,6999000,60%,17500000,133,42,normal,62,578
1668908690,20221120,14005641874,6999000,60%,17500000,134,42,normal,62,579
1668953720,20221120,14005641874,6999000,60%,17500000,134,42,normal,62,580
1668983978,20221120,14005641874,6999000,60%,17500000,132,42,normal,62,580
1668994895,20221121,14005641874,6999000,60%,17500000,132,42,normal,62,580
1669350509,20221125,14005641874,6950000,60%,17500000,98,44,normal,64,589
1669382970,20221125,14005641874,6950000,60%,17500000,98,44,normal,65,589
1669393739,20221125,14005641874,6950000,60%,17500000,97,44,normal,65,589
1669396718,20221125,14005641874,6950000,60%,17500000,97,44,normal,66,590
1669403765,20221125,14005641874,6950000,60%,17500000,96,44,normal,66,590
1669405083,20221125,14005641874,6950000,60%,17500000,96,43,normal,66,590
1669427071,20221126,14005641874,6950000,60%,17500000,96,43,normal,66,590
1669431162,20221126,14005641874,6950000,60%,17500000,96,43,normal,66,591
1669433234,20221126,14005641874,6999000,60%,17500000,127,43,normal,66,591
1669434248,20221126,14005641874,6999000,60%,17500000,128,43,normal,66,591
1669469119,20221126,14005641874,6999000,60%,17500000,128,43,normal,66,592
1669477183,20221126,14005641874,6999000,60%,17500000,128,43,normal,66,593
1669480070,20221126,14005641874,6999000,60%,17500000,129,43,normal,66,593
1669487058,20221126,14005641874,6999000,60%,17500000,129,43,normal,66,594
1669494043,20221126,14005641874,6999000,60%,17500000,129,43,normal,66,595
1669497464,20221126,14005641874,6999000,60%,17500000,129,43,normal,66,596
1669501158,20221126,14005641874,6999000,60%,17500000,129,43,normal,66,597
1669514077,20221127,14005641874,6999000,60%,17500000,129,43,normal,66,598
1669577891,20221127,14005641874,6999000,60%,17500000,129,42,normal,66,598
1669588792,20221127,14005641874,6999000,60%,17500000,130,42,normal,66,598
1669600046,20221128,14005641874,6999000,60%,17500000,130,42,normal,66,598
1669639212,20221128,14005641874,6999000,60%,17500000,130,42,normal,66,599
1669666850,20221128,14005641874,6999000,60%,17500000,130,40,normal,66,599
1669677728,20221128,14005641874,6999000,60%,17500000,130,40,normal,66,600
1669686417,20221129,14005641874,6999000,60%,17500000,130,40,normal,66,601
1669728689,20221129,14005641874,6999000,60%,17500000,130,40,normal,66,600
1669739418,20221129,14005641874,6999000,60%,17500000,130,40,normal,67,600
1669742285,20221129,14005641874,6999000,60%,17500000,130,40,normal,67,601
1669750696,20221129,14005641874,6999000,60%,17500000,130,38,normal,67,601
1669754391,20221129,14005641874,6999000,60%,17500000,130,38,normal,67,602
1669761620,20221129,14005641874,6999000,60%,17500000,130,38,normal,67,603
1669764138,20221129,14005641874,6999000,60%,17500000,129,38,normal,67,603
1669772898,20221130,14005641874,6999000,60%,17500000,129,38,normal,67,605
1669815212,20221130,14005641874,6999000,60%,17500000,129,38,normal,67,606
1669846844,20221130,14005641874,6999000,60%,17500000,128,38,normal,67,606
1669860043,20221201,14005641874,6999000,60%,17500000,128,38,normal,67,608
1669898640,20221201,14005641874,6999000,60%,17500000,128,38,normal,67,609
1669923535,20221201,14005641874,6999000,60%,17500000,128,37,normal,67,609
1669933146,20221201,14005641874,6999000,60%,17500000,128,37,normal,67,610
1669934331,20221201,14005641874,6999000,60%,17500000,127,37,normal,67,611
1669937977,20221201,14005641874,6999000,60%,17500000,127,37,normal,67,612
1669945211,20221202,14005641874,6999000,60%,17500000,127,37,normal,67,613
1669970500,20221202,14005641874,6999000,60%,17500000,27,37,normal,67,613
1669995539,20221202,14005641874,6999000,60%,17500000,27,37,normal,68,614
1670005348,20221202,14005641874,6999000,60%,17500000,25,37,normal,68,614
1670009883,20221202,14005641874,6999000,60%,17500000,21,36,normal,68,614
1670031349,20221203,14005641874,6999000,60%,17500000,21,36,normal,68,614
1670053089,20221203,14005641874,6999000,60%,17500000,22,36,normal,68,614
1670084770,20221203,14005641874,6999000,60%,17500000,22,36,normal,68,615
1670091778,20221203,14005641874,6999000,60%,17500000,22,36,normal,68,616
1670096277,20221203,14005641874,6999000,60%,17500000,24,37,normal,68,617
1670098763,20221203,14005641874,6999000,60%,17500000,24,37,normal,68,618
1670110716,20221203,14005641874,6999000,60%,17500000,24,37,normal,68,619
1670118124,20221204,14005641874,6999000,60%,17500000,24,37,normal,68,619
1670121961,20221204,14005641874,6999000,60%,17500000,24,37,normal,68,620
1670171176,20221204,14005641874,6999000,60%,17500000,23,37,normal,68,620
1670175501,20221204,14005641874,6999000,60%,17500000,23,37,normal,68,621
1670181304,20221204,14005641874,6999000,60%,17500000,23,37,normal,68,622
1670182691,20221204,14005641874,6999000,60%,17500000,23,34,normal,68,623
1670185185,20221204,14005641874,6999000,60%,17500000,23,34,normal,68,624
1670197119,20221204,14005641874,6999000,60%,17500000,23,34,normal,68,625
1670204470,20221205,14005641874,6999000,60%,17500000,23,34,normal,68,625
1670208283,20221205,14005641874,6999000,60%,17500000,22,34,normal,68,625
1670210482,20221205,14005641874,6950000,60%,17500000,100,34,normal,68,625
1670246795,20221205,14005641874,6950000,60%,17500000,100,34,normal,68,624
1670249889,20221205,14005641874,6950000,60%,17500000,100,34,normal,68,626
1670259052,20221205,14005641874,6950000,60%,17500000,100,34,normal,68,627
1670260680,20221205,14005641874,6999000,60%,17500000,122,34,normal,68,627
1670271644,20221205,14005641874,6999000,60%,17500000,122,33,normal,68,627
1670279938,20221205,14005641874,6999000,60%,17500000,121,33,normal,68,627
1670290758,20221206,14005641874,6999000,60%,17500000,121,33,normal,68,627
1670319520,20221206,14005641874,6999000,60%,17500000,121,33,normal,68,628
1670340047,20221206,14005641874,6999000,60%,17500000,120,33,normal,68,628
1670347088,20221206,14005641874,6999000,60%,17500000,120,33,normal,68,629
1670357974,20221206,14005641874,6999000,60%,17500000,120,31,normal,68,629
1670369966,20221206,14005641874,6999000,60%,17500000,119,31,normal,68,629
1670377485,20221207,14005641874,6999000,60%,17500000,118,31,normal,68,629
1670387083,20221207,14005641874,6999000,60%,17500000,117,31,normal,68,629
1670416628,20221207,14005641874,6999000,60%,17500000,117,31,normal,68,630
1670463627,20221208,14005641874,6999000,60%,17500000,117,31,normal,68,630
1670469754,20221208,14005641874,6999000,60%,17500000,117,31,normal,68,631
1670477894,20221208,14005641874,6999000,60%,17500000,117,31,normal,68,632
1670509073,20221208,14005641874,6999000,60%,17500000,117,31,normal,68,633
1670550238,20221209,14005641874,6999000,60%,17500000,117,31,normal,68,634
1670589376,20221209,14005641874,6999000,60%,17500000,117,31,normal,68,635
1670604603,20221209,14005641874,6999000,60%,17500000,117,31,normal,68,636
1670607497,20221209,14005641874,6999000,60%,17500000,116,31,normal,68,636
1670614678,20221209,14005641874,6999000,60%,17500000,117,31,normal,68,636
1670617487,20221209,14005641874,6999000,60%,17500000,117,29,normal,68,636
1670624333,20221209,14005641874,6999000,60%,17500000,116,29,normal,68,636
1670636235,20221210,14005641874,6999000,60%,17500000,115,29,normal,68,636
1670679497,20221210,14005641874,6999000,60%,17500000,115,29,normal,68,637
1670692604,20221210,14005641874,6999000,60%,17500000,115,29,normal,68,638
1670693887,20221210,14005641874,6999000,60%,17500000,116,29,normal,68,638
1670723288,20221211,14005641874,6999000,60%,17500000,116,29,normal,68,639
1670771932,20221211,14005641874,6999000,60%,17500000,115,29,normal,68,639
1670778997,20221211,14005641874,6999000,60%,17500000,115,29,normal,68,640
1670786108,20221211,14005641874,6999000,60%,17500000,115,29,normal,68,641
1670789997,20221211,14005641874,6999000,60%,17500000,115,28,normal,68,640
1670809442,20221212,14005641874,6999000,60%,17500000,115,28,normal,68,640
1670858482,20221212,14005641874,6999000,60%,17500000,116,28,normal,68,640
1670862569,20221212,14005641874,6999000,60%,17500000,115,28,normal,68,640
1670863999,20221212,14005641874,6999000,60%,17500000,115,28,normal,69,640
1670866718,20221212,14005641874,6999000,60%,17500000,115,28,normal,69,639
1670876390,20221212,14005641874,6999000,60%,17500000,115,23,normal,69,639
1670888384,20221212,14005641874,6999000,60%,17500000,114,23,normal,69,639
1670895998,20221213,14005641874,6999000,60%,17500000,114,23,normal,70,641
1670900060,20221213,14005641874,6999000,60%,17500000,112,23,normal,70,641
1670903053,20221213,14005641874,6999000,60%,17500000,112,23,normal,70,642
1670909889,20221213,14005641874,6999000,60%,17500000,111,23,normal,70,642
1670935072,20221213,14005641874,6999000,60%,17500000,110,23,normal,70,642
1670938006,20221213,14005641874,6999000,60%,17500000,109,23,normal,70,642
1670945103,20221213,14005641874,6999000,60%,17500000,110,23,normal,70,642
1670962868,20221213,14005641874,6999000,60%,17500000,110,23,normal,71,642
1670982168,20221214,14005641874,6999000,60%,17500000,110,23,normal,71,642
1670986253,20221214,14005641874,6999000,60%,17500000,111,23,normal,71,642
1671021501,20221214,14005641874,6999000,60%,17500000,112,23,normal,71,642
1671036663,20221214,14005641874,6999000,60%,17500000,112,23,normal,71,643
1671042239,20221214,14005641874,6999000,60%,17500000,112,23,normal,71,642
1671046679,20221214,14005641874,6999000,60%,17500000,112,23,normal,71,643
1671049264,20221214,14005641874,6999000,60%,17500000,112,24,normal,71,643
1671053931,20221214,14005641874,6999000,60%,17500000,112,24,normal,71,645
1671061146,20221214,14005641874,6999000,60%,17500000,112,24,normal,71,646
1671068711,20221215,14005641874,6999000,60%,17500000,112,24,normal,71,646
1671099717,20221215,14005641874,6999000,60%,17500000,112,24,normal,71,645
1671107885,20221215,14005641874,6999000,60%,17500000,112,24,normal,71,644
1671135556,20221215,14005641874,6999000,60%,17500000,112,22,normal,71,644
1671154457,20221216,14005641874,6999000,60%,17500000,112,22,normal,71,644
1671194042,20221216,14005641874,6999000,60%,17500000,112,22,normal,71,645
1671222006,20221216,14005641874,6999000,60%,17500000,112,20,normal,71,645
1671240872,20221217,14005641874,6999000,60%,17500000,112,20,normal,71,645
1671248297,20221217,14005641874,6999000,60%,17500000,112,20,normal,71,644
1671283230,20221217,14005641874,6999000,60%,17500000,112,20,normal,71,645
1671304434,20221217,14005641874,6999000,60%,17500000,112,21,normal,71,645
1671327362,20221218,14005641874,6999000,60%,17500000,112,21,normal,71,645
1671394712,20221218,14005641874,6999000,60%,17500000,112,20,normal,71,645
1671413634,20221219,14005641874,6999000,60%,17500000,112,20,normal,71,644
1671459500,20221219,14005641874,6999000,60%,17500000,112,20,normal,71,645
1671475272,20221219,14005641874,6999000,60%,17500000,112,20,normal,71,646
1671488285,20221219,14005641874,6999000,60%,17500000,112,20,normal,71,647
1671500221,20221220,14005641874,6999000,60%,17500000,110,20,normal,71,649
1671503974,20221220,14005641874,6999000,60%,17500000,110,20,normal,71,648
1671550853,20221220,14005641874,6999000,60%,17500000,110,20,normal,71,649
1671567613,20221220,14005641874,6999000,60%,17500000,110,19,normal,71,649
1671586404,20221221,14005641874,6999000,60%,17500000,112,19,normal,71,649
1671657419,20221221,14005641874,6999000,60%,17500000,112,19,normal,71,650
1671658686,20221221,14005641874,6999000,60%,17500000,111,19,normal,71,650
1671664838,20221221,14005641874,6999000,60%,17500000,111,19,normal,72,650
1671672941,20221222,14005641874,6999000,60%,17500000,110,19,normal,72,650
1671715456,20221222,14005641874,6999000,60%,17500000,110,19,normal,73,650
1671737890,20221222,14005641874,6999000,60%,17500000,110,22,normal,73,650
1671747486,20221222,14005641874,6999000,60%,17500000,109,22,normal,73,650
1671759365,20221223,14005641874,6999000,60%,17500000,109,22,normal,73,650
1671824291,20221223,14005641874,6999000,60%,17500000,109,23,normal,73,650
1671845081,20221224,14005641874,6999000,60%,17500000,109,23,normal,73,650
1671896280,20221224,14005641874,6999000,60%,17500000,109,23,normal,73,649
1671910683,20221224,14005641874,6999000,60%,17500000,109,24,normal,73,649
1671932406,20221225,14005641874,6999000,60%,17500000,109,24,normal,73,649
1671936014,20221225,14005641874,6999000,60%,17500000,109,24,normal,73,650
1671981474,20221225,14005641874,6999000,60%,17500000,109,24,normal,73,651
1671986676,20221225,14005641874,6999000,60%,17500000,109,24,normal,74,651
1671989889,20221225,14005641874,6999000,60%,17500000,109,24,normal,74,652
1671992501,20221225,14005641874,6999000,60%,17500000,108,24,normal,74,652
1671999513,20221225,14005641874,6999000,60%,17500000,108,22,normal,74,652
1672002934,20221225,14005641874,6999000,60%,17500000,108,22,normal,74,653
1672018578,20221226,14005641874,6999000,60%,17500000,108,22,normal,74,653
1672024851,20221226,14005641874,6999000,60%,17500000,108,22,normal,75,653
1672065481,20221226,14005641874,6999000,60%,17500000,107,22,normal,75,653
1672074964,20221226,14005641874,6999000,60%,17500000,107,22,normal,75,654
1672078942,20221226,14005641874,6999000,60%,17500000,108,22,normal,75,654
1672093042,20221226,14005641874,6999000,60%,17500000,108,22,normal,75,655
1672104899,20221227,14005641874,6999000,60%,17500000,108,22,normal,75,655
1672151887,20221227,14005641874,6999000,60%,17500000,109,22,normal,75,655
1672161362,20221227,14005641874,6999000,60%,17500000,108,22,normal,75,655
1672168482,20221227,14005641874,6999000,60%,17500000,107,22,normal,75,655
1672169886,20221227,14005641874,6999000,60%,17500000,107,21,normal,75,655
1672173503,20221227,14005641874,6999000,60%,17500000,107,21,normal,75,654
1672191318,20221228,14005641874,6999000,60%,17500000,107,21,normal,75,655
1672197658,20221228,14005641874,6999000,60%,17500000,107,21,normal,75,656
1672222842,20221228,14005641874,6999000,60%,17500000,107,21,normal,76,656
1672237005,20221228,14005641874,6999000,60%,17500000,106,21,normal,76,657
1672277864,20221229,14005641874,6999000,60%,17500000,106,21,normal,76,657
1672291045,20221229,14005641874,6999000,60%,17500000,106,21,normal,76,656
1672332376,20221229,14005641874,6999000,60%,17500000,106,21,normal,76,657
1672341280,20221229,14005641874,6999000,60%,17500000,105,21,normal,76,657
1672345179,20221229,14005641874,6999000,60%,17500000,105,22,normal,76,657
1672364268,20221230,14005641874,6999000,60%,17500000,105,22,normal,76,657
1672374164,20221230,14005641874,6999000,60%,17500000,105,22,normal,76,658
1672429081,20221230,14005641874,6999000,60%,17500000,105,23,normal,76,658
1672450523,20221231,14005641874,6999000,60%,17500000,104,23,normal,76,658
1672515490,20221231,14005641874,6999000,60%,17500000,104,24,normal,76,658
1672537849,20230101,14005641874,6999000,60%,17500000,104,24,normal,76,658
1672582557,20230101,14005641874,6999000,60%,17500000,104,24,normal,76,659
1672598369,20230101,14005641874,6999000,60%,17500000,104,24,normal,76,660
1672601893,20230101,14005641874,6999000,60%,17500000,104,22,normal,76,660
1672623383,20230102,14005641874,6999000,60%,17500000,104,22,normal,76,660
1672686867,20230102,14005641874,6999000,60%,17500000,104,22,normal,77,660
1672688279,20230102,14005641874,6999000,60%,17500000,104,21,normal,77,660
1672694144,20230102,14005641874,6999000,60%,17500000,104,21,normal,77,661
1672709760,20230103,14005641874,6999000,60%,17500000,104,21,normal,77,662
1672749456,20230103,14005641874,6999000,60%,17500000,104,21,normal,77,663
1672796249,20230104,14005641874,6999000,60%,17500000,104,21,normal,77,663
1672835827,20230104,14005641874,6999000,60%,17500000,104,21,normal,77,662
1672838705,20230104,14005641874,6999000,60%,17500000,104,21,normal,77,663
1672874358,20230104,14005641874,6999000,60%,17500000,104,21,normal,77,664
1672882908,20230105,14005641874,6999000,60%,17500000,104,21,normal,77,664
1672915204,20230105,14005641874,6999000,60%,17500000,104,21,normal,78,664
1672928300,20230105,14005641874,6999000,60%,17500000,104,21,normal,79,665
1672932122,20230105,14005641874,6999000,60%,17500000,104,21,normal,79,666
1672939054,20230105,14005641874,6999000,60%,17500000,104,21,normal,79,667
1672946121,20230105,14005641874,6999000,60%,17500000,104,21,normal,80,667
1672947493,20230105,14005641874,6999000,60%,17500000,104,24,normal,80,667
1672957119,20230105,14005641874,6999000,60%,17500000,104,24,normal,80,668
1672969290,20230106,14005641874,6999000,60%,17500000,104,24,normal,80,669
1673001568,20230106,14005641874,6999000,60%,17500000,104,24,normal,81,669
1673032543,20230106,14005641874,6999000,60%,17500000,104,28,normal,81,669
1673036414,20230106,14005641874,6999000,60%,17500000,103,28,normal,81,669
1673039784,20230106,14005641874,6999000,60%,17500000,102,28,normal,81,669
1673048315,20230106,14005641874,6999000,60%,17500000,102,28,normal,81,670
1673055437,20230107,14005641874,6999000,60%,17500000,102,28,normal,81,670
1673127487,20230107,14005641874,6999000,60%,17500000,102,28,normal,81,671
1673142287,20230108,14005641874,6999000,60%,17500000,102,28,normal,81,671
