data/history/14005641874.csv
time,date,itemid,price,discount,price_before_discount,stock,sold,item_status,cmt_count,liked_count
1673195114,20230108,14005641874,6999000,60%,17500000,102,28,normal,81,672
1673217495,20230108,14005641874,6999000,60%,17500000,101,28,normal,81,672
1673228257,20230109,14005641874,6999000,60%,17500000,101,28,normal,81,672
1673284801,20230109,14005641874,6999000,60%,17500000,102,28,normal,81,672
1673295723,20230109,14005641874,6999000,60%,17500000,102,27,normal,81,673
1673307521,20230109,14005641874,6999000,60%,17500000,102,27,normal,81,674
1673314976,20230110,14005641874,6999000,60%,17500000,96,27,normal,81,674
1673318871,20230110,14005641874,6999000,60%,17500000,96,27,normal,81,675
1673360571,20230110,14005641874,6999000,60%,17500000,95,27,normal,81,675
1673361895,20230110,14005641874,6999000,60%,17500000,95,27,normal,81,676
1673375077,20230110,14005641874,6999000,60%,17500000,94,27,normal,81,676
1673378164,20230110,14005641874,6999000,60%,17500000,94,28,normal,81,676
1673385463,20230110,14005641874,6999000,60%,17500000,94,28,normal,81,677
1673401262,20230111,14005641874,6999000,60%,17500000,99,28,normal,81,677
1673447179,20230111,14005641874,6999000,60%,17500000,99,28,normal,82,678
1673468440,20230111,14005641874,6999000,60%,17500000,99,29,normal,82,678
1673487683,20230112,14005641874,6999000,60%,17500000,99,29,normal,82,678
1673544596,20230112,14005641874,6999000,60%,17500000,98,29,normal,82,678
1673545623,20230112,14005641874,6999000,60%,17500000,99,29,normal,82,678
1673558270,20230112,14005641874,6999000,60%,17500000,99,31,normal,82,678
1673565644,20230112,14005641874,6999000,60%,17500000,99,31,normal,82,679
1673574195,20230113,14005641874,6999000,60%,17500000,99,31,normal,82,679
1673613402,20230113,14005641874,6999000,60%,17500000,99,31,normal,83,679
1673619527,20230113,14005641874,6999000,60%,17500000,99,31,normal,83,680
1673623259,20230113,14005641874,6999000,60%,17500000,99,31,normal,83,679
1673641218,20230113,14005641874,6999000,60%,17500000,99,30,normal,83,679
1673648269,20230113,14005641874,6999000,60%,17500000,98,30,normal,83,679
1673651945,20230113,14005641874,6999000,60%,17500000,98,30,normal,83,680
1673660017,20230114,14005641874,6999000,60%,17500000,98,30,normal,83,680
1673713470,20230114,14005641874,6999000,60%,17500000,48,30,normal,83,680
1673721567,20230114,14005641874,6999000,60%,17500000,48,30,normal,83,681
1673747048,20230115,14005641874,6999000,60%,17500000,48,30,normal,83,681
1673788897,20230115,14005641874,6999000,60%,17500000,48,30,normal,84,681
1673806910,20230115,14005641874,6999000,60%,17500000,48,30,normal,84,682
1673833147,20230116,14005641874,6999000,60%,17500000,48,30,normal,84,682
1673839217,20230116,14005641874,6950000,60%,17500000,50,30,normal,84,682
1673900380,20230116,14005641874,6950000,60%,17500000,50,29,normal,84,682
1673919546,20230117,14005641874,6950000,60%,17500000,50,29,normal,84,682
1673961892,20230117,14005641874,6950000,60%,17500000,49,29,normal,84,682
1673979816,20230117,14005641874,6950000,60%,17500000,49,29,normal,84,681
1673995130,20230117,14005641874,6950000,60%,17500000,48,29,normal,84,681
1674006126,20230118,14005641874,6950000,60%,17500000,48,29,normal,84,681
1674055253,20230118,14005641874,6950000,60%,17500000,48,29,normal,85,681
1674070686,20230118,14005641874,6950000,60%,17500000,48,30,normal,85,681
1674092586,20230119,14005641874,6950000,60%,17500000,48,30,normal,85,681
1674141713,20230119,14005641874,6950000,60%,17500000,48,30,normal,85,682
1674155749,20230119,14005641874,6950000,60%,17500000,48,30,normal,85,683
1674178903,20230120,14005641874,6950000,60%,17500000,48,30,normal,85,683
1674221154,20230120,14005641874,6950000,60%,17500000,48,30,normal,85,684
1674243483,20230120,14005641874,6950000,60%,17500000,48,31,normal,85,684
1674265125,20230121,14005641874,6950000,60%,17500000,48,31,normal,85,684
1674304400,20230121,14005641874,6950000,60%,17500000,48,31,normal,85,683
1674315496,20230121,14005641874,6950000,60%,17500000,47,31,normal,85,683
1674328453,20230121,14005641874,6950000,60%,17500000,47,29,normal,85,683
1674351868,20230122,14005641874,6950000,60%,17500000,47,29,normal,85,683
1674393704,20230122,14005641874,6950000,60%,17500000,47,29,normal,85,684
1674416289,20230122,14005641874,6950000,60%,17500000,46,29,normal,85,684
1674418730,20230122,14005641874,6950000,60%,17500000,46,26,normal,85,684
1674437943,20230123,14005641874,6950000,60%,17500000,46,26,normal,85,684
1674444034,20230123,14005641874,6999000,60%,17500000,94,26,normal,85,684
1674473892,20230123,14005641874,6999000,60%,17500000,94,26,normal,85,685
1674483497,20230123,14005641874,6999000,60%,17500000,94,26,normal,86,685
1674491215,20230123,14005641874,6999000,60%,17500000,94,26,normal,86,684
1674509903,20230123,14005641874,6999000,60%,17500000,94,26,normal,86,683
1674524442,20230124,14005641874,6999000,60%,17500000,94,26,normal,86,683
1674555601,20230124,14005641874,6999000,60%,17500000,94,26,normal,86,682
1674563890,20230124,14005641874,6999000,60%,17500000,94,26,normal,86,683
1674587708,20230124,14005641874,6999000,60%,17500000,93,26,normal,86,683
1674598690,20230124,14005641874,6999000,60%,17500000,93,26,normal,86,684
1674610648,20230125,14005641874,6999000,60%,17500000,93,26,normal,86,684
1674677982,20230125,14005641874,6999000,60%,17500000,93,25,normal,86,684
1674697285,20230126,14005641874,6999000,60%,17500000,93,25,normal,86,684
1674764351,20230126,14005641874,6999000,60%,17500000,93,24,normal,86,684
1674783726,20230127,14005641874,6999000,60%,17500000,93,24,normal,86,685
1674825839,20230127,14005641874,6999000,60%,17500000,93,24,normal,86,686
1674851904,20230127,14005641874,6999000,60%,17500000,93,24,normal,87,686
1674870079,20230128,14005641874,6999000,60%,17500000,93,24,normal,87,686
1674937108,20230128,14005641874,6999000,60%,17500000,93,24,normal,87,685
1674956727,20230129,14005641874,6999000,60%,17500000,93,24,normal,87,685
1674960508,20230129,14005641874,6999000,60%,17500000,93,24,normal,87,687
1675048879,20230130,14005641874,6950000,60%,17500000,93,23,normal,87,687
1675107475,20230130,14005641874,6950000,60%,17500000,93,23,normal,87,688
1675110007,20230130,14005641874,6950000,60%,17500000,93,21,normal,87,688
1675117104,20230130,14005641874,6950000,60%,17500000,93,21,normal,88,688
1675121895,20230130,14005641874,6950000,60%,17500000,93,21,normal,89,688
1675129467,20230131,14005641874,6950000,60%,17500000,93,21,normal,89,688
1675138987,20230131,14005641874,6950000,60%,17500000,93,21,normal,89,687
1675165085,20230131,14005641874,6950000,60%,17500000,93,21,normal,89,688
1675183670,20230131,14005641874,6950000,60%,17500000,93,21,normal,89,687
1675193877,20230131,14005641874,6950000,60%,17500000,93,23,normal,89,687
1675216384,20230201,14005641874,6950000,60%,17500000,93,23,normal,89,688
1675278947,20230201,14005641874,6950000,60%,17500000,93,24,normal,89,688
1675302193,20230202,14005641874,6950000,60%,17500000,93,24,normal,89,689
1675308053,20230202,14005641874,6999000,60%,17500000,93,24,normal,89,689
1675369220,20230202,14005641874,6999000,60%,17500000,93,25,normal,89,689
1675388685,20230203,14005641874,6999000,60%,17500000,93,25,normal,89,689
1675445895,20230203,14005641874,6999000,60%,17500000,93,25,normal,89,690
1675474754,20230204,14005641874,6999000,60%,17500000,93,25,normal,89,690
1675478355,20230204,14005641874,6999000,60%,17500000,93,25,normal,89,689
1675527911,20230204,14005641874,6999000,60%,17500000,92,25,normal,89,689
1675541927,20230204,14005641874,6999000,60%,17500000,92,23,normal,89,689
1675561670,20230205,14005641874,6999000,60%,17500000,92,23,normal,89,689
1675628341,20230205,14005641874,6999000,60%,17500000,92,18,normal,89,689
1675647509,20230206,14005641874,6999000,60%,17500000,92,18,normal,89,689
1675714859,20230206,14005641874,6999000,60%,17500000,92,17,normal,89,689
1675733962,20230207,14005641874,6999000,60%,17500000,92,17,normal,89,690
1675769892,20230207,14005641874,6999000,60%,17500000,91,17,normal,89,690
1675801234,20230207,14005641874,6999000,60%,17500000,91,17,normal,89,691
1675820643,20230208,14005641874,6999000,60%,17500000,91,17,normal,89,691
1675826620,20230208,14005641874,6999000,60%,17500000,91,17,normal,89,692
1675881754,20230208,14005641874,6999000,60%,17500000,91,17,normal,89,693
1675883762,20230208,14005641874,6999000,60%,17500000,91,18,normal,89,693
1675906950,20230209,14005641874,6999000,60%,17500000,91,18,normal,89,693
1675971483,20230209,14005641874,6999000,60%,17500000,91,16,normal,89,693
1675993691,20230210,14005641874,6999000,60%,17500000,91,16,normal,89,693
1676057884,20230210,14005641874,6999000,60%,17500000,91,15,normal,89,693
1676079403,20230211,14005641874,6999000,60%,17500000,91,15,normal,89,693
1676144279,20230211,14005641874,6999000,60%,17500000,91,14,normal,89,693
1676146764,20230211,14005641874,6999000,60%,17500000,91,14,normal,89,694
1676166349,20230212,14005641874,6999000,60%,17500000,91,14,normal,89,694
1676227220,20230212,14005641874,6999000,60%,17500000,91,14,normal,89,695
1676252766,20230213,14005641874,6999000,60%,17500000,91,14,normal,89,696
1676258741,20230213,14005641874,6999000,60%,17500000,91,14,normal,89,697
1676287013,20230213,14005641874,6999000,60%,17500000,91,14,normal,89,698
1676308723,20230213,14005641874,6999000,60%,17500000,92,14,normal,89,698
1676339183,20230214,14005641874,6999000,60%,17500000,92,14,normal,89,698
1676370156,20230214,14005641874,6999000,60%,17500000,92,14,normal,89,699
1676378475,20230214,14005641874,6999000,60%,17500000,92,14,normal,89,700
1676406062,20230214,14005641874,6999000,60%,17500000,92,13,normal,89,700
1676425578,20230215,14005641874,6999000,60%,17500000,92,13,normal,89,701
1676464775,20230215,14005641874,6999000,60%,17500000,92,13,normal,89,700
1676500761,20230215,14005641874,6999000,60%,17500000,92,13,normal,89,701
1676511936,20230216,14005641874,6999000,60%,17500000,92,13,normal,89,701
1676598524,20230217,14005641874,6999000,60%,17500000,92,13,normal,89,701
1676684555,20230218,14005641874,6999000,60%,17500000,92,13,normal,89,701
1676726571,20230218,14005641874,6999000,60%,17500000,92,13,normal,89,702
1676747687,20230218,14005641874,6999000,60%,17500000,92,14,normal,89,702
1676771169,20230219,14005641874,6999000,60%,17500000,92,14,normal,89,702
1676830982,20230219,14005641874,6999000,60%,17500000,92,14,normal,89,701
1676834099,20230219,14005641874,6999000,60%,17500000,92,13,normal,89,701
1676846287,20230219,14005641874,6999000,60%,17500000,92,13,normal,89,702
1676857612,20230220,14005641874,6999000,60%,17500000,92,13,normal,89,702
1676920534,20230220,14005641874,6999000,60%,17500000,92,12,normal,89,702
1676944035,20230221,14005641874,6999000,60%,17500000,92,12,normal,89,703
1676953479,20230221,14005641874,6999000,60%,17500000,92,12,normal,89,704
1676996801,20230221,14005641874,6999000,60%,17500000,92,12,normal,89,705
1677030216,20230222,14005641874,6999000,60%,17500000,92,12,normal,89,705
1677080432,20230222,14005641874,6999000,60%,17500000,92,12,normal,89,704
1677093296,20230222,14005641874,6999000,60%,17500000,92,11,normal,89,704
1677109118,20230222,14005641874,6999000,60%,17500000,91,11,normal,89,704
1677116480,20230223,14005641874,6999000,60%,17500000,91,11,normal,89,704
1677195558,20230223,14005641874,6999000,60%,17500000,91,11,normal,89,703
1677202999,20230224,14005641874,6999000,60%,17500000,91,11,normal,89,703
1677260338,20230224,14005641874,6999000,60%,17500000,90,11,normal,89,703
1677277174,20230224,14005641874,6999000,60%,17500000,90,11,normal,89,704
1677278408,20230224,14005641874,6999000,60%,17500000,90,11,normal,89,705
1677289476,20230225,14005641874,6999000,60%,17500000,90,11,normal,89,705
1677380370,20230226,14005641874,6999000,60%,17500000,90,11,normal,89,705
1677462341,20230227,14005641874,6999000,60%,17500000,90,11,normal,89,705
1677529310,20230227,14005641874,6999000,60%,17500000,90,10,normal,89,705
1677548723,20230228,14005641874,6999000,60%,17500000,90,10,normal,89,705
1677620313,20230228,14005641874,6999000,60%,17500000,90,10,normal,89,706
1677635686,20230301,14005641874,6999000,60%,17500000,90,10,normal,89,706
1677713942,20230301,14005641874,6999000,60%,17500000,91,10,normal,89,706
1677721891,20230302,14005641874,6999000,60%,17500000,91,10,normal,89,707
1677785889,20230302,14005641874,6999000,60%,17500000,91,8,normal,89,707
1677809759,20230303,14005641874,6999000,60%,17500000,91,8,normal,89,707
1677872293,20230303,14005641874,6999000,60%,17500000,91,7,normal,89,707
1677894169,20230304,14005641874,6999000,60%,17500000,91,7,normal,89,707
1677937086,20230304,14005641874,6999000,60%,17500000,91,7,normal,89,708
1677962318,20230304,14005641874,6999000,60%,17500000,91,5,normal,89,708
1677973103,20230304,14005641874,6999000,60%,17500000,91,5,normal,89,709
1677981476,20230305,14005641874,6999000,60%,17500000,91,5,normal,89,709
1678067270,20230306,14005641874,6999000,60%,17500000,90,5,normal,89,710
1678117283,20230306,14005641874,6999000,60%,17500000,90,5,normal,89,709
1678135197,20230306,14005641874,6999000,60%,17500000,90,4,normal,89,709
1678153974,20230307,14005641874,6999000,60%,17500000,90,4,normal,89,709
1678240186,20230308,14005641874,6999000,60%,17500000,90,4,normal,89,709
1678734936,20230313,14005641874,6999000,60%,17500000,88,3,normal,89,713
1678786850,20230314,14005641874,6999000,60%,17500000,88,3,normal,89,712
1679477878,20230322,14005641874,6999000,60%,17500000,88,2,normal,89,720
1679621205,20230324,14005641874,6999000,60%,17500000,89,2,normal,89,720
1679718107,20230325,14005641874,6999000,60%,17500000,89,2,normal,89,720
1679751480,20230325,14005641874,6999000,60%,17500000,89,2,normal,89,721
1679798373,20230326,14005641874,6999000,60%,17500000,89,2,normal,89,720
1679865288,20230326,14005641874,6999000,60%,17500000,89,2,normal,89,721
1679906473,20230327,14005641874,6999000,60%,17500000,89,2,normal,89,721
